
Running 45 tests using 4 workers

[1A[2K[1/45] [chromium] › tests/example.spec.js:46:7 › registration › handle validation
[1A[2K[2/45] [chromium] › tests/example.spec.js:24:7 › registration › handle new user creation
[1A[2K[3/45] [chromium] › tests/example.spec.js:63:7 › auth › login page on enter as guest
[1A[2K[4/45] [chromium] › tests/example.spec.js:35:7 › registration › no duplicated users created
[1A[2K  1) [chromium] › tests/example.spec.js:24:7 › registration › handle new user creation ─────────────

    Error: page.goto: net::ERR_CONNECTION_REFUSED at http://localhost:5000/
    Call log:
    [2m  - navigating to "http://localhost:5000/", waiting until "load"[22m


      15 |
      16 | test.beforeEach(async ({ page }) => {
    > 17 |   await page.goto('http://localhost:5000');
         |              ^
      18 |   await page.waitForTimeout(300);
      19 |
      20 |   await page.locator('text=Hexlet Chat').first().click();
        at /home/Front/frontend-project-12/tests/example.spec.js:17:14


[1A[2K  2) [chromium] › tests/example.spec.js:63:7 › auth › login page on enter as guest ─────────────────

    Error: page.goto: net::ERR_CONNECTION_REFUSED at http://localhost:5000/
    Call log:
    [2m  - navigating to "http://localhost:5000/", waiting until "load"[22m


      15 |
      16 | test.beforeEach(async ({ page }) => {
    > 17 |   await page.goto('http://localhost:5000');
         |              ^
      18 |   await page.waitForTimeout(300);
      19 |
      20 |   await page.locator('text=Hexlet Chat').first().click();
        at /home/Front/frontend-project-12/tests/example.spec.js:17:14


[1A[2K  3) [chromium] › tests/example.spec.js:46:7 › registration › handle validation ────────────────────

    Error: page.goto: net::ERR_CONNECTION_REFUSED at http://localhost:5000/
    Call log:
    [2m  - navigating to "http://localhost:5000/", waiting until "load"[22m


      15 |
      16 | test.beforeEach(async ({ page }) => {
    > 17 |   await page.goto('http://localhost:5000');
         |              ^
      18 |   await page.waitForTimeout(300);
      19 |
      20 |   await page.locator('text=Hexlet Chat').first().click();
        at /home/Front/frontend-project-12/tests/example.spec.js:17:14


[1A[2K  4) [chromium] › tests/example.spec.js:35:7 › registration › no duplicated users created ──────────

    Error: page.goto: net::ERR_CONNECTION_REFUSED at http://localhost:5000/
    Call log:
    [2m  - navigating to "http://localhost:5000/", waiting until "load"[22m


      15 |
      16 | test.beforeEach(async ({ page }) => {
    > 17 |   await page.goto('http://localhost:5000');
         |              ^
      18 |   await page.waitForTimeout(300);
      19 |
      20 |   await page.locator('text=Hexlet Chat').first().click();
        at /home/Front/frontend-project-12/tests/example.spec.js:17:14


[1A[2K[5/45] [chromium] › tests/example.spec.js:68:7 › auth › successful login
[1A[2K[6/45] [chromium] › tests/example.spec.js:78:7 › auth › handle login error
[1A[2K[7/45] [chromium] › tests/example.spec.js:97:7 › chat › messaging
[1A[2K[8/45] [chromium] › tests/example.spec.js:103:7 › chat › different channels
[1A[2K  5) [chromium] › tests/example.spec.js:68:7 › auth › successful login ─────────────────────────────

    Error: page.goto: net::ERR_CONNECTION_REFUSED at http://localhost:5000/
    Call log:
    [2m  - navigating to "http://localhost:5000/", waiting until "load"[22m


      15 |
      16 | test.beforeEach(async ({ page }) => {
    > 17 |   await page.goto('http://localhost:5000');
         |              ^
      18 |   await page.waitForTimeout(300);
      19 |
      20 |   await page.locator('text=Hexlet Chat').first().click();
        at /home/Front/frontend-project-12/tests/example.spec.js:17:14


[1A[2K  6) [chromium] › tests/example.spec.js:78:7 › auth › handle login error ───────────────────────────

    Error: page.goto: net::ERR_CONNECTION_REFUSED at http://localhost:5000/
    Call log:
    [2m  - navigating to "http://localhost:5000/", waiting until "load"[22m


      15 |
      16 | test.beforeEach(async ({ page }) => {
    > 17 |   await page.goto('http://localhost:5000');
         |              ^
      18 |   await page.waitForTimeout(300);
      19 |
      20 |   await page.locator('text=Hexlet Chat').first().click();
        at /home/Front/frontend-project-12/tests/example.spec.js:17:14


[1A[2K[9/45] [chromium] › tests/example.spec.js:124:7 › chat › adding channel
[1A[2K[10/45] [chromium] › tests/example.spec.js:140:7 › chat › adding channel profanity
[1A[2K  7) [chromium] › tests/example.spec.js:97:7 › chat › messaging ────────────────────────────────────

    Error: page.goto: net::ERR_CONNECTION_REFUSED at http://localhost:5000/
    Call log:
    [2m  - navigating to "http://localhost:5000/", waiting until "load"[22m


      15 |
      16 | test.beforeEach(async ({ page }) => {
    > 17 |   await page.goto('http://localhost:5000');
         |              ^
      18 |   await page.waitForTimeout(300);
      19 |
      20 |   await page.locator('text=Hexlet Chat').first().click();
        at /home/Front/frontend-project-12/tests/example.spec.js:17:14

    [31mTest timeout of 30000ms exceeded while running "beforeEach" hook.[39m

      88 |
      89 | test.describe('chat', () => {
    > 90 |   test.beforeEach(async ({ page }) => {
         |        ^
      91 |     await page.locator('text=Ваш ник').first().type(registeredUser.login);
      92 |     await page.locator('text=/^Пароль:?$/').first().type(registeredUser.password);
      93 |     await page.locator('button[type="submit"]').first().click();
        at /home/Front/frontend-project-12/tests/example.spec.js:90:8

    Error: locator.type: Test ended.
    Call log:
    [2m  - waiting for locator('text=Ваш ник').first()[22m


      89 | test.describe('chat', () => {
      90 |   test.beforeEach(async ({ page }) => {
    > 91 |     await page.locator('text=Ваш ник').first().type(registeredUser.login);
         |                                                ^
      92 |     await page.locator('text=/^Пароль:?$/').first().type(registeredUser.password);
      93 |     await page.locator('button[type="submit"]').first().click();
      94 |     await page.locator('[aria-label="Новое сообщение"]');
        at /home/Front/frontend-project-12/tests/example.spec.js:91:48


[1A[2K  8) [chromium] › tests/example.spec.js:103:7 › chat › different channels ──────────────────────────

    Error: page.goto: net::ERR_CONNECTION_REFUSED at http://localhost:5000/
    Call log:
    [2m  - navigating to "http://localhost:5000/", waiting until "load"[22m


      15 |
      16 | test.beforeEach(async ({ page }) => {
    > 17 |   await page.goto('http://localhost:5000');
         |              ^
      18 |   await page.waitForTimeout(300);
      19 |
      20 |   await page.locator('text=Hexlet Chat').first().click();
        at /home/Front/frontend-project-12/tests/example.spec.js:17:14

    [31mTest timeout of 30000ms exceeded while running "beforeEach" hook.[39m

      88 |
      89 | test.describe('chat', () => {
    > 90 |   test.beforeEach(async ({ page }) => {
         |        ^
      91 |     await page.locator('text=Ваш ник').first().type(registeredUser.login);
      92 |     await page.locator('text=/^Пароль:?$/').first().type(registeredUser.password);
      93 |     await page.locator('button[type="submit"]').first().click();
        at /home/Front/frontend-project-12/tests/example.spec.js:90:8

    Error: locator.type: Test ended.
    Call log:
    [2m  - waiting for locator('text=Ваш ник').first()[22m


      89 | test.describe('chat', () => {
      90 |   test.beforeEach(async ({ page }) => {
    > 91 |     await page.locator('text=Ваш ник').first().type(registeredUser.login);
         |                                                ^
      92 |     await page.locator('text=/^Пароль:?$/').first().type(registeredUser.password);
      93 |     await page.locator('button[type="submit"]').first().click();
      94 |     await page.locator('[aria-label="Новое сообщение"]');
        at /home/Front/frontend-project-12/tests/example.spec.js:91:48


[1A[2K[11/45] [chromium] › tests/example.spec.js:149:7 › chat › rename channel
[1A[2K[12/45] [chromium] › tests/example.spec.js:163:7 › chat › remove channel
[1A[2K  9) [chromium] › tests/example.spec.js:124:7 › chat › adding channel ──────────────────────────────

    Error: page.goto: net::ERR_CONNECTION_REFUSED at http://localhost:5000/
    Call log:
    [2m  - navigating to "http://localhost:5000/", waiting until "load"[22m


      15 |
      16 | test.beforeEach(async ({ page }) => {
    > 17 |   await page.goto('http://localhost:5000');
         |              ^
      18 |   await page.waitForTimeout(300);
      19 |
      20 |   await page.locator('text=Hexlet Chat').first().click();
        at /home/Front/frontend-project-12/tests/example.spec.js:17:14

    [31mTest timeout of 30000ms exceeded while running "beforeEach" hook.[39m

      88 |
      89 | test.describe('chat', () => {
    > 90 |   test.beforeEach(async ({ page }) => {
         |        ^
      91 |     await page.locator('text=Ваш ник').first().type(registeredUser.login);
      92 |     await page.locator('text=/^Пароль:?$/').first().type(registeredUser.password);
      93 |     await page.locator('button[type="submit"]').first().click();
        at /home/Front/frontend-project-12/tests/example.spec.js:90:8

    Error: locator.type: Test ended.
    Call log:
    [2m  - waiting for locator('text=Ваш ник').first()[22m


      89 | test.describe('chat', () => {
      90 |   test.beforeEach(async ({ page }) => {
    > 91 |     await page.locator('text=Ваш ник').first().type(registeredUser.login);
         |                                                ^
      92 |     await page.locator('text=/^Пароль:?$/').first().type(registeredUser.password);
      93 |     await page.locator('button[type="submit"]').first().click();
      94 |     await page.locator('[aria-label="Новое сообщение"]');
        at /home/Front/frontend-project-12/tests/example.spec.js:91:48


[1A[2K  10) [chromium] › tests/example.spec.js:140:7 › chat › adding channel profanity ───────────────────

    Error: page.goto: net::ERR_CONNECTION_REFUSED at http://localhost:5000/
    Call log:
    [2m  - navigating to "http://localhost:5000/", waiting until "load"[22m


      15 |
      16 | test.beforeEach(async ({ page }) => {
    > 17 |   await page.goto('http://localhost:5000');
         |              ^
      18 |   await page.waitForTimeout(300);
      19 |
      20 |   await page.locator('text=Hexlet Chat').first().click();
        at /home/Front/frontend-project-12/tests/example.spec.js:17:14

    [31mTest timeout of 30000ms exceeded while running "beforeEach" hook.[39m

      88 |
      89 | test.describe('chat', () => {
    > 90 |   test.beforeEach(async ({ page }) => {
         |        ^
      91 |     await page.locator('text=Ваш ник').first().type(registeredUser.login);
      92 |     await page.locator('text=/^Пароль:?$/').first().type(registeredUser.password);
      93 |     await page.locator('button[type="submit"]').first().click();
        at /home/Front/frontend-project-12/tests/example.spec.js:90:8

    Error: locator.type: Test ended.
    Call log:
    [2m  - waiting for locator('text=Ваш ник').first()[22m


      89 | test.describe('chat', () => {
      90 |   test.beforeEach(async ({ page }) => {
    > 91 |     await page.locator('text=Ваш ник').first().type(registeredUser.login);
         |                                                ^
      92 |     await page.locator('text=/^Пароль:?$/').first().type(registeredUser.password);
      93 |     await page.locator('button[type="submit"]').first().click();
      94 |     await page.locator('[aria-label="Новое сообщение"]');
        at /home/Front/frontend-project-12/tests/example.spec.js:91:48


[1A[2K[13/45] [chromium] › tests/example.spec.js:195:7 › two users chatting › login second user
[1A[2K[14/45] [chromium] › tests/example.spec.js:201:7 › two users chatting › messages are accurately displayed
[1A[2K  11) [chromium] › tests/example.spec.js:149:7 › chat › rename channel ─────────────────────────────

    Error: page.goto: net::ERR_CONNECTION_REFUSED at http://localhost:5000/
    Call log:
    [2m  - navigating to "http://localhost:5000/", waiting until "load"[22m


      15 |
      16 | test.beforeEach(async ({ page }) => {
    > 17 |   await page.goto('http://localhost:5000');
         |              ^
      18 |   await page.waitForTimeout(300);
      19 |
      20 |   await page.locator('text=Hexlet Chat').first().click();
        at /home/Front/frontend-project-12/tests/example.spec.js:17:14

    [31mTest timeout of 30000ms exceeded while running "beforeEach" hook.[39m

      88 |
      89 | test.describe('chat', () => {
    > 90 |   test.beforeEach(async ({ page }) => {
         |        ^
      91 |     await page.locator('text=Ваш ник').first().type(registeredUser.login);
      92 |     await page.locator('text=/^Пароль:?$/').first().type(registeredUser.password);
      93 |     await page.locator('button[type="submit"]').first().click();
        at /home/Front/frontend-project-12/tests/example.spec.js:90:8

    Error: locator.type: Test ended.
    Call log:
    [2m  - waiting for locator('text=Ваш ник').first()[22m


      89 | test.describe('chat', () => {
      90 |   test.beforeEach(async ({ page }) => {
    > 91 |     await page.locator('text=Ваш ник').first().type(registeredUser.login);
         |                                                ^
      92 |     await page.locator('text=/^Пароль:?$/').first().type(registeredUser.password);
      93 |     await page.locator('button[type="submit"]').first().click();
      94 |     await page.locator('[aria-label="Новое сообщение"]');
        at /home/Front/frontend-project-12/tests/example.spec.js:91:48


[1A[2K  12) [chromium] › tests/example.spec.js:163:7 › chat › remove channel ─────────────────────────────

    Error: page.goto: net::ERR_CONNECTION_REFUSED at http://localhost:5000/
    Call log:
    [2m  - navigating to "http://localhost:5000/", waiting until "load"[22m


      15 |
      16 | test.beforeEach(async ({ page }) => {
    > 17 |   await page.goto('http://localhost:5000');
         |              ^
      18 |   await page.waitForTimeout(300);
      19 |
      20 |   await page.locator('text=Hexlet Chat').first().click();
        at /home/Front/frontend-project-12/tests/example.spec.js:17:14

    [31mTest timeout of 30000ms exceeded while running "beforeEach" hook.[39m

      88 |
      89 | test.describe('chat', () => {
    > 90 |   test.beforeEach(async ({ page }) => {
         |        ^
      91 |     await page.locator('text=Ваш ник').first().type(registeredUser.login);
      92 |     await page.locator('text=/^Пароль:?$/').first().type(registeredUser.password);
      93 |     await page.locator('button[type="submit"]').first().click();
        at /home/Front/frontend-project-12/tests/example.spec.js:90:8

    Error: locator.type: Test ended.
    Call log:
    [2m  - waiting for locator('text=Ваш ник').first()[22m


      89 | test.describe('chat', () => {
      90 |   test.beforeEach(async ({ page }) => {
    > 91 |     await page.locator('text=Ваш ник').first().type(registeredUser.login);
         |                                                ^
      92 |     await page.locator('text=/^Пароль:?$/').first().type(registeredUser.password);
      93 |     await page.locator('button[type="submit"]').first().click();
      94 |     await page.locator('[aria-label="Новое сообщение"]');
        at /home/Front/frontend-project-12/tests/example.spec.js:91:48


[1A[2K[15/45] [chromium] › tests/example.spec.js:213:7 › two users chatting › only initiator is switched to new channel
[1A[2K[16/45] [firefox] › tests/example.spec.js:24:7 › registration › handle new user creation
[1A[2K  13) [chromium] › tests/example.spec.js:195:7 › two users chatting › login second user ────────────

    Error: page.goto: net::ERR_CONNECTION_REFUSED at http://localhost:5000/
    Call log:
    [2m  - navigating to "http://localhost:5000/", waiting until "load"[22m


      15 |
      16 | test.beforeEach(async ({ page }) => {
    > 17 |   await page.goto('http://localhost:5000');
         |              ^
      18 |   await page.waitForTimeout(300);
      19 |
      20 |   await page.locator('text=Hexlet Chat').first().click();
        at /home/Front/frontend-project-12/tests/example.spec.js:17:14

    [31mTest timeout of 30000ms exceeded while running "beforeEach" hook.[39m

      178 |   let page2;
      179 |
    > 180 |   test.beforeEach(async ({ page, browser }) => {
          |        ^
      181 |     await page.locator('text=Ваш ник').first().type(registeredUser.login);
      182 |     await page.locator('text=/^Пароль:?$/').first().type(registeredUser.password);
      183 |     await page.locator('button[type="submit"]').first().click();
        at /home/Front/frontend-project-12/tests/example.spec.js:180:8

    Error: locator.type: Test ended.
    Call log:
    [2m  - waiting for locator('text=Ваш ник').first()[22m


      179 |
      180 |   test.beforeEach(async ({ page, browser }) => {
    > 181 |     await page.locator('text=Ваш ник').first().type(registeredUser.login);
          |                                                ^
      182 |     await page.locator('text=/^Пароль:?$/').first().type(registeredUser.password);
      183 |     await page.locator('button[type="submit"]').first().click();
      184 |
        at /home/Front/frontend-project-12/tests/example.spec.js:181:48


[1A[2K  14) [chromium] › tests/example.spec.js:201:7 › two users chatting › messages are accurately displayed 

    Error: page.goto: net::ERR_CONNECTION_REFUSED at http://localhost:5000/
    Call log:
    [2m  - navigating to "http://localhost:5000/", waiting until "load"[22m


      15 |
      16 | test.beforeEach(async ({ page }) => {
    > 17 |   await page.goto('http://localhost:5000');
         |              ^
      18 |   await page.waitForTimeout(300);
      19 |
      20 |   await page.locator('text=Hexlet Chat').first().click();
        at /home/Front/frontend-project-12/tests/example.spec.js:17:14

    [31mTest timeout of 30000ms exceeded while running "beforeEach" hook.[39m

      178 |   let page2;
      179 |
    > 180 |   test.beforeEach(async ({ page, browser }) => {
          |        ^
      181 |     await page.locator('text=Ваш ник').first().type(registeredUser.login);
      182 |     await page.locator('text=/^Пароль:?$/').first().type(registeredUser.password);
      183 |     await page.locator('button[type="submit"]').first().click();
        at /home/Front/frontend-project-12/tests/example.spec.js:180:8

    Error: locator.type: Test ended.
    Call log:
    [2m  - waiting for locator('text=Ваш ник').first()[22m


      179 |
      180 |   test.beforeEach(async ({ page, browser }) => {
    > 181 |     await page.locator('text=Ваш ник').first().type(registeredUser.login);
          |                                                ^
      182 |     await page.locator('text=/^Пароль:?$/').first().type(registeredUser.password);
      183 |     await page.locator('button[type="submit"]').first().click();
      184 |
        at /home/Front/frontend-project-12/tests/example.spec.js:181:48


[1A[2K[17/45] [firefox] › tests/example.spec.js:35:7 › registration › no duplicated users created
[1A[2K[18/45] [firefox] › tests/example.spec.js:46:7 › registration › handle validation
[1A[2K  15) [firefox] › tests/example.spec.js:24:7 › registration › handle new user creation ─────────────

    Error: page.goto: NS_ERROR_CONNECTION_REFUSED
    Call log:
    [2m  - navigating to "http://localhost:5000/", waiting until "load"[22m


      15 |
      16 | test.beforeEach(async ({ page }) => {
    > 17 |   await page.goto('http://localhost:5000');
         |              ^
      18 |   await page.waitForTimeout(300);
      19 |
      20 |   await page.locator('text=Hexlet Chat').first().click();
        at /home/Front/frontend-project-12/tests/example.spec.js:17:14


[1A[2K[19/45] [firefox] › tests/example.spec.js:63:7 › auth › login page on enter as guest
[1A[2K  16) [firefox] › tests/example.spec.js:35:7 › registration › no duplicated users created ──────────

    Error: page.goto: NS_ERROR_CONNECTION_REFUSED
    Call log:
    [2m  - navigating to "http://localhost:5000/", waiting until "load"[22m


      15 |
      16 | test.beforeEach(async ({ page }) => {
    > 17 |   await page.goto('http://localhost:5000');
         |              ^
      18 |   await page.waitForTimeout(300);
      19 |
      20 |   await page.locator('text=Hexlet Chat').first().click();
        at /home/Front/frontend-project-12/tests/example.spec.js:17:14


[1A[2K  17) [firefox] › tests/example.spec.js:46:7 › registration › handle validation ────────────────────

    Error: page.goto: NS_ERROR_CONNECTION_REFUSED
    Call log:
    [2m  - navigating to "http://localhost:5000/", waiting until "load"[22m


      15 |
      16 | test.beforeEach(async ({ page }) => {
    > 17 |   await page.goto('http://localhost:5000');
         |              ^
      18 |   await page.waitForTimeout(300);
      19 |
      20 |   await page.locator('text=Hexlet Chat').first().click();
        at /home/Front/frontend-project-12/tests/example.spec.js:17:14


[1A[2K[20/45] [firefox] › tests/example.spec.js:68:7 › auth › successful login
[1A[2K[21/45] [firefox] › tests/example.spec.js:78:7 › auth › handle login error
[1A[2K  18) [firefox] › tests/example.spec.js:63:7 › auth › login page on enter as guest ─────────────────

    Error: page.goto: NS_ERROR_CONNECTION_REFUSED
    Call log:
    [2m  - navigating to "http://localhost:5000/", waiting until "load"[22m


      15 |
      16 | test.beforeEach(async ({ page }) => {
    > 17 |   await page.goto('http://localhost:5000');
         |              ^
      18 |   await page.waitForTimeout(300);
      19 |
      20 |   await page.locator('text=Hexlet Chat').first().click();
        at /home/Front/frontend-project-12/tests/example.spec.js:17:14


[1A[2K[22/45] [firefox] › tests/example.spec.js:97:7 › chat › messaging
[1A[2K  19) [firefox] › tests/example.spec.js:68:7 › auth › successful login ─────────────────────────────

    Error: page.goto: NS_ERROR_CONNECTION_REFUSED
    Call log:
    [2m  - navigating to "http://localhost:5000/", waiting until "load"[22m


      15 |
      16 | test.beforeEach(async ({ page }) => {
    > 17 |   await page.goto('http://localhost:5000');
         |              ^
      18 |   await page.waitForTimeout(300);
      19 |
      20 |   await page.locator('text=Hexlet Chat').first().click();
        at /home/Front/frontend-project-12/tests/example.spec.js:17:14


[1A[2K  20) [firefox] › tests/example.spec.js:78:7 › auth › handle login error ───────────────────────────

    Error: page.goto: NS_ERROR_CONNECTION_REFUSED
    Call log:
    [2m  - navigating to "http://localhost:5000/", waiting until "load"[22m


      15 |
      16 | test.beforeEach(async ({ page }) => {
    > 17 |   await page.goto('http://localhost:5000');
         |              ^
      18 |   await page.waitForTimeout(300);
      19 |
      20 |   await page.locator('text=Hexlet Chat').first().click();
        at /home/Front/frontend-project-12/tests/example.spec.js:17:14


[1A[2K[23/45] [firefox] › tests/example.spec.js:103:7 › chat › different channels
[1A[2K[24/45] [firefox] › tests/example.spec.js:124:7 › chat › adding channel
[1A[2K  21) [chromium] › tests/example.spec.js:213:7 › two users chatting › only initiator is switched to new channel 

    Error: page.goto: net::ERR_CONNECTION_REFUSED at http://localhost:5000/
    Call log:
    [2m  - navigating to "http://localhost:5000/", waiting until "load"[22m


      15 |
      16 | test.beforeEach(async ({ page }) => {
    > 17 |   await page.goto('http://localhost:5000');
         |              ^
      18 |   await page.waitForTimeout(300);
      19 |
      20 |   await page.locator('text=Hexlet Chat').first().click();
        at /home/Front/frontend-project-12/tests/example.spec.js:17:14

    [31mTest timeout of 30000ms exceeded while running "beforeEach" hook.[39m

      178 |   let page2;
      179 |
    > 180 |   test.beforeEach(async ({ page, browser }) => {
          |        ^
      181 |     await page.locator('text=Ваш ник').first().type(registeredUser.login);
      182 |     await page.locator('text=/^Пароль:?$/').first().type(registeredUser.password);
      183 |     await page.locator('button[type="submit"]').first().click();
        at /home/Front/frontend-project-12/tests/example.spec.js:180:8

    Error: locator.type: Test ended.
    Call log:
    [2m  - waiting for locator('text=Ваш ник').first()[22m


      179 |
      180 |   test.beforeEach(async ({ page, browser }) => {
    > 181 |     await page.locator('text=Ваш ник').first().type(registeredUser.login);
          |                                                ^
      182 |     await page.locator('text=/^Пароль:?$/').first().type(registeredUser.password);
      183 |     await page.locator('button[type="submit"]').first().click();
      184 |
        at /home/Front/frontend-project-12/tests/example.spec.js:181:48


[1A[2K[25/45] [firefox] › tests/example.spec.js:140:7 › chat › adding channel profanity
[1A[2K  22) [firefox] › tests/example.spec.js:97:7 › chat › messaging ────────────────────────────────────

    Error: page.goto: NS_ERROR_CONNECTION_REFUSED
    Call log:
    [2m  - navigating to "http://localhost:5000/", waiting until "load"[22m


      15 |
      16 | test.beforeEach(async ({ page }) => {
    > 17 |   await page.goto('http://localhost:5000');
         |              ^
      18 |   await page.waitForTimeout(300);
      19 |
      20 |   await page.locator('text=Hexlet Chat').first().click();
        at /home/Front/frontend-project-12/tests/example.spec.js:17:14

    [31mTest timeout of 30000ms exceeded while running "beforeEach" hook.[39m

      88 |
      89 | test.describe('chat', () => {
    > 90 |   test.beforeEach(async ({ page }) => {
         |        ^
      91 |     await page.locator('text=Ваш ник').first().type(registeredUser.login);
      92 |     await page.locator('text=/^Пароль:?$/').first().type(registeredUser.password);
      93 |     await page.locator('button[type="submit"]').first().click();
        at /home/Front/frontend-project-12/tests/example.spec.js:90:8

    Error: locator.type: Test ended.
    Call log:
    [2m  - waiting for locator('text=Ваш ник').first()[22m
    [2m    - waiting for navigation to finish...[22m
    [2m    - navigated to "http://localhost:5000/"[22m


      89 | test.describe('chat', () => {
      90 |   test.beforeEach(async ({ page }) => {
    > 91 |     await page.locator('text=Ваш ник').first().type(registeredUser.login);
         |                                                ^
      92 |     await page.locator('text=/^Пароль:?$/').first().type(registeredUser.password);
      93 |     await page.locator('button[type="submit"]').first().click();
      94 |     await page.locator('[aria-label="Новое сообщение"]');
        at /home/Front/frontend-project-12/tests/example.spec.js:91:48


[1A[2K[26/45] [firefox] › tests/example.spec.js:149:7 › chat › rename channel
[1A[2K  23) [firefox] › tests/example.spec.js:103:7 › chat › different channels ──────────────────────────

    Error: page.goto: NS_ERROR_CONNECTION_REFUSED
    Call log:
    [2m  - navigating to "http://localhost:5000/", waiting until "load"[22m


      15 |
      16 | test.beforeEach(async ({ page }) => {
    > 17 |   await page.goto('http://localhost:5000');
         |              ^
      18 |   await page.waitForTimeout(300);
      19 |
      20 |   await page.locator('text=Hexlet Chat').first().click();
        at /home/Front/frontend-project-12/tests/example.spec.js:17:14

    [31mTest timeout of 30000ms exceeded while running "beforeEach" hook.[39m

      88 |
      89 | test.describe('chat', () => {
    > 90 |   test.beforeEach(async ({ page }) => {
         |        ^
      91 |     await page.locator('text=Ваш ник').first().type(registeredUser.login);
      92 |     await page.locator('text=/^Пароль:?$/').first().type(registeredUser.password);
      93 |     await page.locator('button[type="submit"]').first().click();
        at /home/Front/frontend-project-12/tests/example.spec.js:90:8

    Error: locator.type: Test ended.
    Call log:
    [2m  - waiting for locator('text=Ваш ник').first()[22m
    [2m    - waiting for navigation to finish...[22m
    [2m    - navigated to "http://localhost:5000/"[22m


      89 | test.describe('chat', () => {
      90 |   test.beforeEach(async ({ page }) => {
    > 91 |     await page.locator('text=Ваш ник').first().type(registeredUser.login);
         |                                                ^
      92 |     await page.locator('text=/^Пароль:?$/').first().type(registeredUser.password);
      93 |     await page.locator('button[type="submit"]').first().click();
      94 |     await page.locator('[aria-label="Новое сообщение"]');
        at /home/Front/frontend-project-12/tests/example.spec.js:91:48


[1A[2K[27/45] [firefox] › tests/example.spec.js:163:7 › chat › remove channel
[1A[2K  24) [firefox] › tests/example.spec.js:124:7 › chat › adding channel ──────────────────────────────

    Error: page.goto: NS_ERROR_CONNECTION_REFUSED
    Call log:
    [2m  - navigating to "http://localhost:5000/", waiting until "load"[22m


      15 |
      16 | test.beforeEach(async ({ page }) => {
    > 17 |   await page.goto('http://localhost:5000');
         |              ^
      18 |   await page.waitForTimeout(300);
      19 |
      20 |   await page.locator('text=Hexlet Chat').first().click();
        at /home/Front/frontend-project-12/tests/example.spec.js:17:14

    [31mTest timeout of 30000ms exceeded while running "beforeEach" hook.[39m

      88 |
      89 | test.describe('chat', () => {
    > 90 |   test.beforeEach(async ({ page }) => {
         |        ^
      91 |     await page.locator('text=Ваш ник').first().type(registeredUser.login);
      92 |     await page.locator('text=/^Пароль:?$/').first().type(registeredUser.password);
      93 |     await page.locator('button[type="submit"]').first().click();
        at /home/Front/frontend-project-12/tests/example.spec.js:90:8

    Error: locator.type: Test ended.
    Call log:
    [2m  - waiting for locator('text=Ваш ник').first()[22m
    [2m    - waiting for navigation to finish...[22m
    [2m    - navigated to "http://localhost:5000/"[22m


      89 | test.describe('chat', () => {
      90 |   test.beforeEach(async ({ page }) => {
    > 91 |     await page.locator('text=Ваш ник').first().type(registeredUser.login);
         |                                                ^
      92 |     await page.locator('text=/^Пароль:?$/').first().type(registeredUser.password);
      93 |     await page.locator('button[type="submit"]').first().click();
      94 |     await page.locator('[aria-label="Новое сообщение"]');
        at /home/Front/frontend-project-12/tests/example.spec.js:91:48


[1A[2K[28/45] [firefox] › tests/example.spec.js:195:7 › two users chatting › login second user
[1A[2K  25) [firefox] › tests/example.spec.js:140:7 › chat › adding channel profanity ────────────────────

    Error: page.goto: NS_ERROR_CONNECTION_REFUSED
    Call log:
    [2m  - navigating to "http://localhost:5000/", waiting until "load"[22m


      15 |
      16 | test.beforeEach(async ({ page }) => {
    > 17 |   await page.goto('http://localhost:5000');
         |              ^
      18 |   await page.waitForTimeout(300);
      19 |
      20 |   await page.locator('text=Hexlet Chat').first().click();
        at /home/Front/frontend-project-12/tests/example.spec.js:17:14

    [31mTest timeout of 30000ms exceeded while running "beforeEach" hook.[39m

      88 |
      89 | test.describe('chat', () => {
    > 90 |   test.beforeEach(async ({ page }) => {
         |        ^
      91 |     await page.locator('text=Ваш ник').first().type(registeredUser.login);
      92 |     await page.locator('text=/^Пароль:?$/').first().type(registeredUser.password);
      93 |     await page.locator('button[type="submit"]').first().click();
        at /home/Front/frontend-project-12/tests/example.spec.js:90:8

    Error: locator.type: Test ended.
    Call log:
    [2m  - waiting for locator('text=Ваш ник').first()[22m
    [2m    - waiting for navigation to finish...[22m
    [2m    - navigated to "http://localhost:5000/"[22m


      89 | test.describe('chat', () => {
      90 |   test.beforeEach(async ({ page }) => {
    > 91 |     await page.locator('text=Ваш ник').first().type(registeredUser.login);
         |                                                ^
      92 |     await page.locator('text=/^Пароль:?$/').first().type(registeredUser.password);
      93 |     await page.locator('button[type="submit"]').first().click();
      94 |     await page.locator('[aria-label="Новое сообщение"]');
        at /home/Front/frontend-project-12/tests/example.spec.js:91:48


[1A[2K[29/45] [firefox] › tests/example.spec.js:201:7 › two users chatting › messages are accurately displayed
[1A[2K  26) [firefox] › tests/example.spec.js:149:7 › chat › rename channel ──────────────────────────────

    Error: page.goto: NS_ERROR_CONNECTION_REFUSED
    Call log:
    [2m  - navigating to "http://localhost:5000/", waiting until "load"[22m


      15 |
      16 | test.beforeEach(async ({ page }) => {
    > 17 |   await page.goto('http://localhost:5000');
         |              ^
      18 |   await page.waitForTimeout(300);
      19 |
      20 |   await page.locator('text=Hexlet Chat').first().click();
        at /home/Front/frontend-project-12/tests/example.spec.js:17:14

    [31mTest timeout of 30000ms exceeded while running "beforeEach" hook.[39m

      88 |
      89 | test.describe('chat', () => {
    > 90 |   test.beforeEach(async ({ page }) => {
         |        ^
      91 |     await page.locator('text=Ваш ник').first().type(registeredUser.login);
      92 |     await page.locator('text=/^Пароль:?$/').first().type(registeredUser.password);
      93 |     await page.locator('button[type="submit"]').first().click();
        at /home/Front/frontend-project-12/tests/example.spec.js:90:8

    Error: locator.type: Test ended.
    Call log:
    [2m  - waiting for locator('text=Ваш ник').first()[22m
    [2m    - waiting for navigation to finish...[22m
    [2m    - navigated to "http://localhost:5000/"[22m


      89 | test.describe('chat', () => {
      90 |   test.beforeEach(async ({ page }) => {
    > 91 |     await page.locator('text=Ваш ник').first().type(registeredUser.login);
         |                                                ^
      92 |     await page.locator('text=/^Пароль:?$/').first().type(registeredUser.password);
      93 |     await page.locator('button[type="submit"]').first().click();
      94 |     await page.locator('[aria-label="Новое сообщение"]');
        at /home/Front/frontend-project-12/tests/example.spec.js:91:48


[1A[2K[30/45] [firefox] › tests/example.spec.js:213:7 › two users chatting › only initiator is switched to new channel
[1A[2K  27) [firefox] › tests/example.spec.js:163:7 › chat › remove channel ──────────────────────────────

    Error: page.goto: NS_ERROR_CONNECTION_REFUSED
    Call log:
    [2m  - navigating to "http://localhost:5000/", waiting until "load"[22m


      15 |
      16 | test.beforeEach(async ({ page }) => {
    > 17 |   await page.goto('http://localhost:5000');
         |              ^
      18 |   await page.waitForTimeout(300);
      19 |
      20 |   await page.locator('text=Hexlet Chat').first().click();
        at /home/Front/frontend-project-12/tests/example.spec.js:17:14

    [31mTest timeout of 30000ms exceeded while running "beforeEach" hook.[39m

      88 |
      89 | test.describe('chat', () => {
    > 90 |   test.beforeEach(async ({ page }) => {
         |        ^
      91 |     await page.locator('text=Ваш ник').first().type(registeredUser.login);
      92 |     await page.locator('text=/^Пароль:?$/').first().type(registeredUser.password);
      93 |     await page.locator('button[type="submit"]').first().click();
        at /home/Front/frontend-project-12/tests/example.spec.js:90:8

    Error: locator.type: Test ended.
    Call log:
    [2m  - waiting for locator('text=Ваш ник').first()[22m
    [2m    - waiting for navigation to finish...[22m
    [2m    - navigated to "http://localhost:5000/"[22m


      89 | test.describe('chat', () => {
      90 |   test.beforeEach(async ({ page }) => {
    > 91 |     await page.locator('text=Ваш ник').first().type(registeredUser.login);
         |                                                ^
      92 |     await page.locator('text=/^Пароль:?$/').first().type(registeredUser.password);
      93 |     await page.locator('button[type="submit"]').first().click();
      94 |     await page.locator('[aria-label="Новое сообщение"]');
        at /home/Front/frontend-project-12/tests/example.spec.js:91:48


[1A[2K[31/45] [webkit] › tests/example.spec.js:24:7 › registration › handle new user creation
[1A[2K  28) [firefox] › tests/example.spec.js:195:7 › two users chatting › login second user ─────────────

    Error: page.goto: NS_ERROR_CONNECTION_REFUSED
    Call log:
    [2m  - navigating to "http://localhost:5000/", waiting until "load"[22m


      15 |
      16 | test.beforeEach(async ({ page }) => {
    > 17 |   await page.goto('http://localhost:5000');
         |              ^
      18 |   await page.waitForTimeout(300);
      19 |
      20 |   await page.locator('text=Hexlet Chat').first().click();
        at /home/Front/frontend-project-12/tests/example.spec.js:17:14

    [31mTest timeout of 30000ms exceeded while running "beforeEach" hook.[39m

      178 |   let page2;
      179 |
    > 180 |   test.beforeEach(async ({ page, browser }) => {
          |        ^
      181 |     await page.locator('text=Ваш ник').first().type(registeredUser.login);
      182 |     await page.locator('text=/^Пароль:?$/').first().type(registeredUser.password);
      183 |     await page.locator('button[type="submit"]').first().click();
        at /home/Front/frontend-project-12/tests/example.spec.js:180:8

    Error: locator.type: Test ended.
    Call log:
    [2m  - waiting for locator('text=Ваш ник').first()[22m
    [2m    - waiting for navigation to finish...[22m
    [2m    - navigated to "http://localhost:5000/"[22m


      179 |
      180 |   test.beforeEach(async ({ page, browser }) => {
    > 181 |     await page.locator('text=Ваш ник').first().type(registeredUser.login);
          |                                                ^
      182 |     await page.locator('text=/^Пароль:?$/').first().type(registeredUser.password);
      183 |     await page.locator('button[type="submit"]').first().click();
      184 |
        at /home/Front/frontend-project-12/tests/example.spec.js:181:48


[1A[2K[32/45] [webkit] › tests/example.spec.js:35:7 › registration › no duplicated users created
[1A[2K  29) [webkit] › tests/example.spec.js:24:7 › registration › handle new user creation ──────────────

    Error: browserType.launch: 
    ╔══════════════════════════════════════════════════════╗
    ║ Host system is missing dependencies to run browsers. ║
    ║ Missing libraries:                                   ║
    ║     libwoff2dec.so.1.0.2                             ║
    ║     libopus.so.0                                     ║
    ║     libwebpdemux.so.2                                ║
    ║     libharfbuzz-icu.so.0                             ║
    ║     libwebpmux.so.3                                  ║
    ║     libenchant-2.so.2                                ║
    ║     libsecret-1.so.0                                 ║
    ║     libhyphen.so.0                                   ║
    ║     libEGL.so.1                                      ║
    ║     libevdev.so.2                                    ║
    ║     libGLESv2.so.2                                   ║
    ║     libx264.so                                       ║
    ╚══════════════════════════════════════════════════════╝


[1A[2K[33/45] [webkit] › tests/example.spec.js:46:7 › registration › handle validation
[1A[2K  30) [webkit] › tests/example.spec.js:35:7 › registration › no duplicated users created ───────────

    Error: browserType.launch: 
    ╔══════════════════════════════════════════════════════╗
    ║ Host system is missing dependencies to run browsers. ║
    ║ Missing libraries:                                   ║
    ║     libwoff2dec.so.1.0.2                             ║
    ║     libopus.so.0                                     ║
    ║     libwebpdemux.so.2                                ║
    ║     libharfbuzz-icu.so.0                             ║
    ║     libwebpmux.so.3                                  ║
    ║     libenchant-2.so.2                                ║
    ║     libsecret-1.so.0                                 ║
    ║     libhyphen.so.0                                   ║
    ║     libEGL.so.1                                      ║
    ║     libevdev.so.2                                    ║
    ║     libGLESv2.so.2                                   ║
    ║     libx264.so                                       ║
    ╚══════════════════════════════════════════════════════╝


[1A[2K[34/45] [webkit] › tests/example.spec.js:63:7 › auth › login page on enter as guest
[1A[2K  31) [webkit] › tests/example.spec.js:46:7 › registration › handle validation ─────────────────────

    Error: browserType.launch: 
    ╔══════════════════════════════════════════════════════╗
    ║ Host system is missing dependencies to run browsers. ║
    ║ Missing libraries:                                   ║
    ║     libwoff2dec.so.1.0.2                             ║
    ║     libopus.so.0                                     ║
    ║     libwebpdemux.so.2                                ║
    ║     libharfbuzz-icu.so.0                             ║
    ║     libwebpmux.so.3                                  ║
    ║     libenchant-2.so.2                                ║
    ║     libsecret-1.so.0                                 ║
    ║     libhyphen.so.0                                   ║
    ║     libEGL.so.1                                      ║
    ║     libevdev.so.2                                    ║
    ║     libGLESv2.so.2                                   ║
    ║     libx264.so                                       ║
    ╚══════════════════════════════════════════════════════╝


[1A[2K[35/45] [webkit] › tests/example.spec.js:68:7 › auth › successful login
[1A[2K  32) [webkit] › tests/example.spec.js:63:7 › auth › login page on enter as guest ──────────────────

    Error: browserType.launch: 
    ╔══════════════════════════════════════════════════════╗
    ║ Host system is missing dependencies to run browsers. ║
    ║ Missing libraries:                                   ║
    ║     libwoff2dec.so.1.0.2                             ║
    ║     libopus.so.0                                     ║
    ║     libwebpdemux.so.2                                ║
    ║     libharfbuzz-icu.so.0                             ║
    ║     libwebpmux.so.3                                  ║
    ║     libenchant-2.so.2                                ║
    ║     libsecret-1.so.0                                 ║
    ║     libhyphen.so.0                                   ║
    ║     libEGL.so.1                                      ║
    ║     libevdev.so.2                                    ║
    ║     libGLESv2.so.2                                   ║
    ║     libx264.so                                       ║
    ╚══════════════════════════════════════════════════════╝


[1A[2K  33) [webkit] › tests/example.spec.js:68:7 › auth › successful login ──────────────────────────────

    Error: browserType.launch: 
    ╔══════════════════════════════════════════════════════╗
    ║ Host system is missing dependencies to run browsers. ║
    ║ Missing libraries:                                   ║
    ║     libwoff2dec.so.1.0.2                             ║
    ║     libopus.so.0                                     ║
    ║     libwebpdemux.so.2                                ║
    ║     libharfbuzz-icu.so.0                             ║
    ║     libwebpmux.so.3                                  ║
    ║     libenchant-2.so.2                                ║
    ║     libsecret-1.so.0                                 ║
    ║     libhyphen.so.0                                   ║
    ║     libEGL.so.1                                      ║
    ║     libevdev.so.2                                    ║
    ║     libGLESv2.so.2                                   ║
    ║     libx264.so                                       ║
    ╚══════════════════════════════════════════════════════╝


[1A[2K[36/45] [webkit] › tests/example.spec.js:78:7 › auth › handle login error
[1A[2K[37/45] [webkit] › tests/example.spec.js:97:7 › chat › messaging
[1A[2K  34) [webkit] › tests/example.spec.js:78:7 › auth › handle login error ────────────────────────────

    Error: browserType.launch: 
    ╔══════════════════════════════════════════════════════╗
    ║ Host system is missing dependencies to run browsers. ║
    ║ Missing libraries:                                   ║
    ║     libwoff2dec.so.1.0.2                             ║
    ║     libopus.so.0                                     ║
    ║     libwebpdemux.so.2                                ║
    ║     libharfbuzz-icu.so.0                             ║
    ║     libwebpmux.so.3                                  ║
    ║     libenchant-2.so.2                                ║
    ║     libsecret-1.so.0                                 ║
    ║     libhyphen.so.0                                   ║
    ║     libEGL.so.1                                      ║
    ║     libevdev.so.2                                    ║
    ║     libGLESv2.so.2                                   ║
    ║     libx264.so                                       ║
    ╚══════════════════════════════════════════════════════╝


[1A[2K  35) [webkit] › tests/example.spec.js:97:7 › chat › messaging ─────────────────────────────────────

    Error: browserType.launch: 
    ╔══════════════════════════════════════════════════════╗
    ║ Host system is missing dependencies to run browsers. ║
    ║ Missing libraries:                                   ║
    ║     libwoff2dec.so.1.0.2                             ║
    ║     libopus.so.0                                     ║
    ║     libwebpdemux.so.2                                ║
    ║     libharfbuzz-icu.so.0                             ║
    ║     libwebpmux.so.3                                  ║
    ║     libenchant-2.so.2                                ║
    ║     libsecret-1.so.0                                 ║
    ║     libhyphen.so.0                                   ║
    ║     libEGL.so.1                                      ║
    ║     libevdev.so.2                                    ║
    ║     libGLESv2.so.2                                   ║
    ║     libx264.so                                       ║
    ╚══════════════════════════════════════════════════════╝


[1A[2K[38/45] [webkit] › tests/example.spec.js:103:7 › chat › different channels
[1A[2K[39/45] [webkit] › tests/example.spec.js:124:7 › chat › adding channel
[1A[2K  36) [webkit] › tests/example.spec.js:103:7 › chat › different channels ───────────────────────────

    Error: browserType.launch: 
    ╔══════════════════════════════════════════════════════╗
    ║ Host system is missing dependencies to run browsers. ║
    ║ Missing libraries:                                   ║
    ║     libwoff2dec.so.1.0.2                             ║
    ║     libopus.so.0                                     ║
    ║     libwebpdemux.so.2                                ║
    ║     libharfbuzz-icu.so.0                             ║
    ║     libwebpmux.so.3                                  ║
    ║     libenchant-2.so.2                                ║
    ║     libsecret-1.so.0                                 ║
    ║     libhyphen.so.0                                   ║
    ║     libEGL.so.1                                      ║
    ║     libevdev.so.2                                    ║
    ║     libGLESv2.so.2                                   ║
    ║     libx264.so                                       ║
    ╚══════════════════════════════════════════════════════╝


[1A[2K  37) [webkit] › tests/example.spec.js:124:7 › chat › adding channel ───────────────────────────────

    Error: browserType.launch: 
    ╔══════════════════════════════════════════════════════╗
    ║ Host system is missing dependencies to run browsers. ║
    ║ Missing libraries:                                   ║
    ║     libwoff2dec.so.1.0.2                             ║
    ║     libopus.so.0                                     ║
    ║     libwebpdemux.so.2                                ║
    ║     libharfbuzz-icu.so.0                             ║
    ║     libwebpmux.so.3                                  ║
    ║     libenchant-2.so.2                                ║
    ║     libsecret-1.so.0                                 ║
    ║     libhyphen.so.0                                   ║
    ║     libEGL.so.1                                      ║
    ║     libevdev.so.2                                    ║
    ║     libGLESv2.so.2                                   ║
    ║     libx264.so                                       ║
    ╚══════════════════════════════════════════════════════╝


[1A[2K[40/45] [webkit] › tests/example.spec.js:140:7 › chat › adding channel profanity
[1A[2K[41/45] [webkit] › tests/example.spec.js:149:7 › chat › rename channel
[1A[2K  38) [webkit] › tests/example.spec.js:140:7 › chat › adding channel profanity ─────────────────────

    Error: browserType.launch: 
    ╔══════════════════════════════════════════════════════╗
    ║ Host system is missing dependencies to run browsers. ║
    ║ Missing libraries:                                   ║
    ║     libwoff2dec.so.1.0.2                             ║
    ║     libopus.so.0                                     ║
    ║     libwebpdemux.so.2                                ║
    ║     libharfbuzz-icu.so.0                             ║
    ║     libwebpmux.so.3                                  ║
    ║     libenchant-2.so.2                                ║
    ║     libsecret-1.so.0                                 ║
    ║     libhyphen.so.0                                   ║
    ║     libEGL.so.1                                      ║
    ║     libevdev.so.2                                    ║
    ║     libGLESv2.so.2                                   ║
    ║     libx264.so                                       ║
    ╚══════════════════════════════════════════════════════╝


[1A[2K  39) [webkit] › tests/example.spec.js:149:7 › chat › rename channel ───────────────────────────────

    Error: browserType.launch: 
    ╔══════════════════════════════════════════════════════╗
    ║ Host system is missing dependencies to run browsers. ║
    ║ Missing libraries:                                   ║
    ║     libwoff2dec.so.1.0.2                             ║
    ║     libopus.so.0                                     ║
    ║     libwebpdemux.so.2                                ║
    ║     libharfbuzz-icu.so.0                             ║
    ║     libwebpmux.so.3                                  ║
    ║     libenchant-2.so.2                                ║
    ║     libsecret-1.so.0                                 ║
    ║     libhyphen.so.0                                   ║
    ║     libEGL.so.1                                      ║
    ║     libevdev.so.2                                    ║
    ║     libGLESv2.so.2                                   ║
    ║     libx264.so                                       ║
    ╚══════════════════════════════════════════════════════╝


[1A[2K[42/45] [webkit] › tests/example.spec.js:163:7 › chat › remove channel
[1A[2K[43/45] [webkit] › tests/example.spec.js:195:7 › two users chatting › login second user
[1A[2K  40) [webkit] › tests/example.spec.js:163:7 › chat › remove channel ───────────────────────────────

    Error: browserType.launch: 
    ╔══════════════════════════════════════════════════════╗
    ║ Host system is missing dependencies to run browsers. ║
    ║ Missing libraries:                                   ║
    ║     libwoff2dec.so.1.0.2                             ║
    ║     libopus.so.0                                     ║
    ║     libwebpdemux.so.2                                ║
    ║     libharfbuzz-icu.so.0                             ║
    ║     libwebpmux.so.3                                  ║
    ║     libenchant-2.so.2                                ║
    ║     libsecret-1.so.0                                 ║
    ║     libhyphen.so.0                                   ║
    ║     libEGL.so.1                                      ║
    ║     libevdev.so.2                                    ║
    ║     libGLESv2.so.2                                   ║
    ║     libx264.so                                       ║
    ╚══════════════════════════════════════════════════════╝


[1A[2K  41) [webkit] › tests/example.spec.js:195:7 › two users chatting › login second user ──────────────

    Error: browserType.launch: 
    ╔══════════════════════════════════════════════════════╗
    ║ Host system is missing dependencies to run browsers. ║
    ║ Missing libraries:                                   ║
    ║     libwoff2dec.so.1.0.2                             ║
    ║     libopus.so.0                                     ║
    ║     libwebpdemux.so.2                                ║
    ║     libharfbuzz-icu.so.0                             ║
    ║     libwebpmux.so.3                                  ║
    ║     libenchant-2.so.2                                ║
    ║     libsecret-1.so.0                                 ║
    ║     libhyphen.so.0                                   ║
    ║     libEGL.so.1                                      ║
    ║     libevdev.so.2                                    ║
    ║     libGLESv2.so.2                                   ║
    ║     libx264.so                                       ║
    ╚══════════════════════════════════════════════════════╝


[1A[2K[44/45] [webkit] › tests/example.spec.js:201:7 › two users chatting › messages are accurately displayed
[1A[2K[45/45] [webkit] › tests/example.spec.js:213:7 › two users chatting › only initiator is switched to new channel
[1A[2K  42) [webkit] › tests/example.spec.js:201:7 › two users chatting › messages are accurately displayed 

    Error: browserType.launch: 
    ╔══════════════════════════════════════════════════════╗
    ║ Host system is missing dependencies to run browsers. ║
    ║ Missing libraries:                                   ║
    ║     libwoff2dec.so.1.0.2                             ║
    ║     libopus.so.0                                     ║
    ║     libwebpdemux.so.2                                ║
    ║     libharfbuzz-icu.so.0                             ║
    ║     libwebpmux.so.3                                  ║
    ║     libenchant-2.so.2                                ║
    ║     libsecret-1.so.0                                 ║
    ║     libhyphen.so.0                                   ║
    ║     libEGL.so.1                                      ║
    ║     libevdev.so.2                                    ║
    ║     libGLESv2.so.2                                   ║
    ║     libx264.so                                       ║
    ╚══════════════════════════════════════════════════════╝


[1A[2K  43) [webkit] › tests/example.spec.js:213:7 › two users chatting › only initiator is switched to new channel 

    Error: browserType.launch: 
    ╔══════════════════════════════════════════════════════╗
    ║ Host system is missing dependencies to run browsers. ║
    ║ Missing libraries:                                   ║
    ║     libwoff2dec.so.1.0.2                             ║
    ║     libopus.so.0                                     ║
    ║     libwebpdemux.so.2                                ║
    ║     libharfbuzz-icu.so.0                             ║
    ║     libwebpmux.so.3                                  ║
    ║     libenchant-2.so.2                                ║
    ║     libsecret-1.so.0                                 ║
    ║     libhyphen.so.0                                   ║
    ║     libEGL.so.1                                      ║
    ║     libevdev.so.2                                    ║
    ║     libGLESv2.so.2                                   ║
    ║     libx264.so                                       ║
    ╚══════════════════════════════════════════════════════╝


[1A[2K  44) [firefox] › tests/example.spec.js:201:7 › two users chatting › messages are accurately displayed 

    Error: page.goto: NS_ERROR_CONNECTION_REFUSED
    Call log:
    [2m  - navigating to "http://localhost:5000/", waiting until "load"[22m


      15 |
      16 | test.beforeEach(async ({ page }) => {
    > 17 |   await page.goto('http://localhost:5000');
         |              ^
      18 |   await page.waitForTimeout(300);
      19 |
      20 |   await page.locator('text=Hexlet Chat').first().click();
        at /home/Front/frontend-project-12/tests/example.spec.js:17:14

    [31mTest timeout of 30000ms exceeded while running "beforeEach" hook.[39m

      178 |   let page2;
      179 |
    > 180 |   test.beforeEach(async ({ page, browser }) => {
          |        ^
      181 |     await page.locator('text=Ваш ник').first().type(registeredUser.login);
      182 |     await page.locator('text=/^Пароль:?$/').first().type(registeredUser.password);
      183 |     await page.locator('button[type="submit"]').first().click();
        at /home/Front/frontend-project-12/tests/example.spec.js:180:8

    Error: locator.type: Test ended.
    Call log:
    [2m  - waiting for locator('text=Ваш ник').first()[22m
    [2m    - waiting for navigation to finish...[22m
    [2m    - navigated to "http://localhost:5000/"[22m


      179 |
      180 |   test.beforeEach(async ({ page, browser }) => {
    > 181 |     await page.locator('text=Ваш ник').first().type(registeredUser.login);
          |                                                ^
      182 |     await page.locator('text=/^Пароль:?$/').first().type(registeredUser.password);
      183 |     await page.locator('button[type="submit"]').first().click();
      184 |
        at /home/Front/frontend-project-12/tests/example.spec.js:181:48


[1A[2K  45) [firefox] › tests/example.spec.js:213:7 › two users chatting › only initiator is switched to new channel 

    Error: page.goto: NS_ERROR_CONNECTION_REFUSED
    Call log:
    [2m  - navigating to "http://localhost:5000/", waiting until "load"[22m


      15 |
      16 | test.beforeEach(async ({ page }) => {
    > 17 |   await page.goto('http://localhost:5000');
         |              ^
      18 |   await page.waitForTimeout(300);
      19 |
      20 |   await page.locator('text=Hexlet Chat').first().click();
        at /home/Front/frontend-project-12/tests/example.spec.js:17:14

    [31mTest timeout of 30000ms exceeded while running "beforeEach" hook.[39m

      178 |   let page2;
      179 |
    > 180 |   test.beforeEach(async ({ page, browser }) => {
          |        ^
      181 |     await page.locator('text=Ваш ник').first().type(registeredUser.login);
      182 |     await page.locator('text=/^Пароль:?$/').first().type(registeredUser.password);
      183 |     await page.locator('button[type="submit"]').first().click();
        at /home/Front/frontend-project-12/tests/example.spec.js:180:8

    Error: locator.type: Test ended.
    Call log:
    [2m  - waiting for locator('text=Ваш ник').first()[22m
    [2m    - waiting for navigation to finish...[22m
    [2m    - navigated to "http://localhost:5000/"[22m


      179 |
      180 |   test.beforeEach(async ({ page, browser }) => {
    > 181 |     await page.locator('text=Ваш ник').first().type(registeredUser.login);
          |                                                ^
      182 |     await page.locator('text=/^Пароль:?$/').first().type(registeredUser.password);
      183 |     await page.locator('button[type="submit"]').first().click();
      184 |
        at /home/Front/frontend-project-12/tests/example.spec.js:181:48


[1A[2K  45 failed
    [chromium] › tests/example.spec.js:24:7 › registration › handle new user creation ──────────────
    [chromium] › tests/example.spec.js:35:7 › registration › no duplicated users created ───────────
    [chromium] › tests/example.spec.js:46:7 › registration › handle validation ─────────────────────
    [chromium] › tests/example.spec.js:63:7 › auth › login page on enter as guest ──────────────────
    [chromium] › tests/example.spec.js:68:7 › auth › successful login ──────────────────────────────
    [chromium] › tests/example.spec.js:78:7 › auth › handle login error ────────────────────────────
    [chromium] › tests/example.spec.js:97:7 › chat › messaging ─────────────────────────────────────
    [chromium] › tests/example.spec.js:103:7 › chat › different channels ───────────────────────────
    [chromium] › tests/example.spec.js:124:7 › chat › adding channel ───────────────────────────────
    [chromium] › tests/example.spec.js:140:7 › chat › adding channel profanity ─────────────────────
    [chromium] › tests/example.spec.js:149:7 › chat › rename channel ───────────────────────────────
    [chromium] › tests/example.spec.js:163:7 › chat › remove channel ───────────────────────────────
    [chromium] › tests/example.spec.js:195:7 › two users chatting › login second user ──────────────
    [chromium] › tests/example.spec.js:201:7 › two users chatting › messages are accurately displayed 
    [chromium] › tests/example.spec.js:213:7 › two users chatting › only initiator is switched to new channel 
    [firefox] › tests/example.spec.js:24:7 › registration › handle new user creation ───────────────
    [firefox] › tests/example.spec.js:35:7 › registration › no duplicated users created ────────────
    [firefox] › tests/example.spec.js:46:7 › registration › handle validation ──────────────────────
    [firefox] › tests/example.spec.js:63:7 › auth › login page on enter as guest ───────────────────
    [firefox] › tests/example.spec.js:68:7 › auth › successful login ───────────────────────────────
    [firefox] › tests/example.spec.js:78:7 › auth › handle login error ─────────────────────────────
    [firefox] › tests/example.spec.js:97:7 › chat › messaging ──────────────────────────────────────
    [firefox] › tests/example.spec.js:103:7 › chat › different channels ────────────────────────────
    [firefox] › tests/example.spec.js:124:7 › chat › adding channel ────────────────────────────────
    [firefox] › tests/example.spec.js:140:7 › chat › adding channel profanity ──────────────────────
    [firefox] › tests/example.spec.js:149:7 › chat › rename channel ────────────────────────────────
    [firefox] › tests/example.spec.js:163:7 › chat › remove channel ────────────────────────────────
    [firefox] › tests/example.spec.js:195:7 › two users chatting › login second user ───────────────
    [firefox] › tests/example.spec.js:201:7 › two users chatting › messages are accurately displayed 
    [firefox] › tests/example.spec.js:213:7 › two users chatting › only initiator is switched to new channel 
    [webkit] › tests/example.spec.js:24:7 › registration › handle new user creation ────────────────
    [webkit] › tests/example.spec.js:35:7 › registration › no duplicated users created ─────────────
    [webkit] › tests/example.spec.js:46:7 › registration › handle validation ───────────────────────
    [webkit] › tests/example.spec.js:63:7 › auth › login page on enter as guest ────────────────────
    [webkit] › tests/example.spec.js:68:7 › auth › successful login ────────────────────────────────
    [webkit] › tests/example.spec.js:78:7 › auth › handle login error ──────────────────────────────
    [webkit] › tests/example.spec.js:97:7 › chat › messaging ───────────────────────────────────────
    [webkit] › tests/example.spec.js:103:7 › chat › different channels ─────────────────────────────
    [webkit] › tests/example.spec.js:124:7 › chat › adding channel ─────────────────────────────────
    [webkit] › tests/example.spec.js:140:7 › chat › adding channel profanity ───────────────────────
    [webkit] › tests/example.spec.js:149:7 › chat › rename channel ─────────────────────────────────
    [webkit] › tests/example.spec.js:163:7 › chat › remove channel ─────────────────────────────────
    [webkit] › tests/example.spec.js:195:7 › two users chatting › login second user ────────────────
    [webkit] › tests/example.spec.js:201:7 › two users chatting › messages are accurately displayed 
    [webkit] › tests/example.spec.js:213:7 › two users chatting › only initiator is switched to new channel 

[36m  Serving HTML report at http://localhost:9323. Press Ctrl+C to quit.[39m
